[wx.mlcdn.com.br/site/shared/stewie/stewie-3.1.0.min.js]
[i.btg360.com.br/btg360-2.0.1.min.js]
[static.criteo.net/js/ld/ld.js]
[analytics.tiktok.com/i18n/pixel/events.js]
[pixel.byspotify.com/ping.min.js]
[cdn.perfdrive.com/aperture/aperture.js]
[backblue.gif]
[fade.gif]
[index.html]
[tags.creativecdn.com/msWukR4UlwKQouZSY8IT.js]
[a-static.mlcdn.com.br/800x560/smartphone-samsung-galaxy-s23-256gb-preto-5g-8gb-ram-61-cam-tripla-selfie-12mp/magazineluiza/232854100/e9fd12e9a66f2797bce34c5169369937.jpg]
[a-static.mlcdn.com.br/90x90/smartphone-samsung-galaxy-s23-256gb-preto-5g-8gb-ram-61-cam-tripla-selfie-12mp/magazineluiza/232854100/e9fd12e9a66f2797bce34c5169369937.jpg]
[a-static.mlcdn.com.br/90x90/smartphone-samsung-galaxy-s23-256gb-preto-5g-8gb-ram-61-cam-tripla-selfie-12mp/magazineluiza/232854100/1aa1ea04dde1d3aee3654e58f1e29d95.jpg]
[a-static.mlcdn.com.br/90x90/smartphone-samsung-galaxy-s23-256gb-preto-5g-8gb-ram-61-cam-tripla-selfie-12mp/magazineluiza/232854100/3db64f5d28040178dfa05a7e6192552e.jpg]
[a-static.mlcdn.com.br/90x90/smartphone-samsung-galaxy-s23-256gb-preto-5g-8gb-ram-61-cam-tripla-selfie-12mp/magazineluiza/232854100/c02f4f71814963af8aa600bf4ecb674c.jpg]
[wx.mlcdn.com.br/site/shared/sellers/third-party.1c.delayed]
[selo.compreconfie.com.br/reputation/100515.png]
[wx.mlcdn.com.br/site/desk/footer/consumidor-gov-reduzido.png]
[a-static.mlcdn.com.br/800x800/smartphone-samsung-galaxy-s23-128gb-violeta-5g-8gb-ram-61-cam-tripla-selfie-12mp/magazineluiza/232853400/ad47466b42eb462f5d37d8c53494076e.jpg]
[a-static.mlcdn.com.br/800x800/smartphone-samsung-galaxy-s23-128gb-violeta-5g-8gb-ram-61-cam-tripla-selfie-12mp/magazineluiza/232853400/e8d9f19e56d672a203e9a1036ca38cf4.jpg]
[a-static.mlcdn.com.br/800x800/smartphone-samsung-galaxy-s23-128gb-violeta-5g-8gb-ram-61-cam-tripla-selfie-12mp/magazineluiza/232853400/6e3d0ef1f83060952fae621a19bd4680.jpg]
[a-static.mlcdn.com.br/800x800/smartphone-samsung-galaxy-s23-128gb-violeta-5g-8gb-ram-61-cam-tripla-selfie-12mp/magazineluiza/232853400/e41432e801d1fe23761edd9ffb87c867.jpg]
[a-static.mlcdn.com.br/800x800/smartphone-samsung-galaxy-s23-128gb-violeta-5g-8gb-ram-61-cam-tripla-selfie-12mp/magazineluiza/232853400/65a5dfaacfeafa26bc597d8324970d2f.jpg]
[a-static.mlcdn.com.br/800x800/smartphone-samsung-galaxy-s23-128gb-violeta-5g-8gb-ram-61-cam-tripla-selfie-12mp/magazineluiza/232853400/72034d9846f837cf7783c2b3a9b91311.jpg]
[a-static.mlcdn.com.br/800x800/smartphone-samsung-galaxy-s23-128gb-violeta-5g-8gb-ram-61-cam-tripla-selfie-12mp/magazineluiza/232853400/067963ab2a86156f119381b52dcd3919.jpg]
[a-static.mlcdn.com.br/800x800/smartphone-samsung-galaxy-s23-128gb-violeta-5g-8gb-ram-61-cam-tripla-selfie-12mp/magazineluiza/232853400/b4e29234ca9aa49ddb959e303acedc75.jpg]
[a-static.mlcdn.com.br/800x800/smartphone-samsung-galaxy-s23-128gb-violeta-5g-8gb-ram-61-cam-tripla-selfie-12mp/magazineluiza/232853400/2dbb7573f6ac792fc5d507550f3be2a1.jpg]
[a-static.mlcdn.com.br/800x800/smartphone-samsung-galaxy-s23-128gb-violeta-5g-8gb-ram-61-cam-tripla-selfie-12mp/magazineluiza/232853400/68d0d259637ffd873ae0b438ee7b89ac.jpg]
[a-static.mlcdn.com.br/800x800/smartphone-samsung-galaxy-s23-128gb-violeta-5g-8gb-ram-61-cam-tripla-selfie-12mp/magazineluiza/232853400/6840d24e2e6c0a1854caebec0dedf35c.jpg]
[a-static.mlcdn.com.br/800x800/smartphone-samsung-galaxy-s23-128gb-violeta-5g-8gb-ram-61-cam-tripla-selfie-12mp/magazineluiza/232853400/41d247dc3e2a948a26e5efe921304597.jpg]
[a-static.mlcdn.com.br/800x800/smartphone-samsung-galaxy-s23-128gb-violeta-5g-8gb-ram-61-cam-tripla-selfie-12mp/magazineluiza/232853400/30caed198952a09bb1e0313d11b0becb.jpg]
[a-static.mlcdn.com.br/800x800/smartphone-samsung-galaxy-s23-128gb-violeta-5g-8gb-ram-61-cam-tripla-selfie-12mp/magazineluiza/232853400/b66217a47f2fa3956a33c004f752af10.jpg]
[a-static.mlcdn.com.br/800x800/smartphone-samsung-galaxy-s23-128gb-violeta-5g-8gb-ram-61-cam-tripla-selfie-12mp/magazineluiza/232853400/91cad2182a5b92e64db808c03519107c.jpg]
[a-static.mlcdn.com.br/800x800/smartphone-samsung-galaxy-s23-256gb-preto-5g-8gb-ram-61-cam-tripla-selfie-12mp/magazineluiza/232854100/1aa1ea04dde1d3aee3654e58f1e29d95.jpg]
[a-static.mlcdn.com.br/800x800/smartphone-samsung-galaxy-s23-256gb-preto-5g-8gb-ram-61-cam-tripla-selfie-12mp/magazineluiza/232854100/3db64f5d28040178dfa05a7e6192552e.jpg]
[a-static.mlcdn.com.br/800x800/smartphone-samsung-galaxy-s23-256gb-preto-5g-8gb-ram-61-cam-tripla-selfie-12mp/magazineluiza/232854100/c02f4f71814963af8aa600bf4ecb674c.jpg]
[a-static.mlcdn.com.br/800x800/smartphone-samsung-galaxy-s23-256gb-preto-5g-8gb-ram-61-cam-tripla-selfie-12mp/magazineluiza/232854100/d6f2c2c547e6c9a77ba22c7f9b701838.jpg]
[a-static.mlcdn.com.br/800x800/smartphone-samsung-galaxy-s23-256gb-preto-5g-8gb-ram-61-cam-tripla-selfie-12mp/magazineluiza/232854100/65a5dfaacfeafa26bc597d8324970d2f.jpg]
[a-static.mlcdn.com.br/800x800/smartphone-samsung-galaxy-s23-256gb-preto-5g-8gb-ram-61-cam-tripla-selfie-12mp/magazineluiza/232854100/72034d9846f837cf7783c2b3a9b91311.jpg]
[a-static.mlcdn.com.br/800x800/smartphone-samsung-galaxy-s23-256gb-preto-5g-8gb-ram-61-cam-tripla-selfie-12mp/magazineluiza/232854100/067963ab2a86156f119381b52dcd3919.jpg]
[a-static.mlcdn.com.br/800x800/smartphone-samsung-galaxy-s23-256gb-preto-5g-8gb-ram-61-cam-tripla-selfie-12mp/magazineluiza/232854100/b4e29234ca9aa49ddb959e303acedc75.jpg]
[a-static.mlcdn.com.br/800x800/smartphone-samsung-galaxy-s23-256gb-preto-5g-8gb-ram-61-cam-tripla-selfie-12mp/magazineluiza/232854100/2dbb7573f6ac792fc5d507550f3be2a1.jpg]
[a-static.mlcdn.com.br/800x800/smartphone-samsung-galaxy-s23-256gb-preto-5g-8gb-ram-61-cam-tripla-selfie-12mp/magazineluiza/232854100/68d0d259637ffd873ae0b438ee7b89ac.jpg]
[a-static.mlcdn.com.br/800x800/smartphone-samsung-galaxy-s23-256gb-preto-5g-8gb-ram-61-cam-tripla-selfie-12mp/magazineluiza/232854100/6840d24e2e6c0a1854caebec0dedf35c.jpg]
[a-static.mlcdn.com.br/800x800/smartphone-samsung-galaxy-s23-256gb-preto-5g-8gb-ram-61-cam-tripla-selfie-12mp/magazineluiza/232854100/622a9b10375e0f042d883d6f7eeda5a6.jpg]
[a-static.mlcdn.com.br/800x800/smartphone-samsung-galaxy-s23-256gb-preto-5g-8gb-ram-61-cam-tripla-selfie-12mp/magazineluiza/232854100/93f8d92251c454cfe197f0d4728218e6.jpg]
[a-static.mlcdn.com.br/800x800/smartphone-samsung-galaxy-s23-256gb-preto-5g-8gb-ram-61-cam-tripla-selfie-12mp/magazineluiza/232854100/0f36a54c35b5d1b5137531d50cca7ac1.jpg]
[a-static.mlcdn.com.br/800x800/smartphone-samsung-galaxy-s23-256gb-preto-5g-8gb-ram-61-cam-tripla-selfie-12mp/magazineluiza/232854100/cf0f58591cfb77d1b241b2fc81a642ef.jpg]
[a-static.mlcdn.com.br/800x800/smartphone-samsung-galaxy-s23-128gb-preto-5g-8gb-ram-61-cam-tripla-selfie-12mp/magazineluiza/232853700/7ddfa277d8f6d891447a729cc6b1df50.jpg]
[a-static.mlcdn.com.br/800x800/smartphone-samsung-galaxy-s23-128gb-preto-5g-8gb-ram-61-cam-tripla-selfie-12mp/magazineluiza/232853700/93cd185cdbc65586ba9d3fafa0acb732.jpg]
[a-static.mlcdn.com.br/800x800/smartphone-samsung-galaxy-s23-128gb-preto-5g-8gb-ram-61-cam-tripla-selfie-12mp/magazineluiza/232853700/707069ae5854997faef34cd296023290.jpg]
[a-static.mlcdn.com.br/800x800/smartphone-samsung-galaxy-s23-128gb-preto-5g-8gb-ram-61-cam-tripla-selfie-12mp/magazineluiza/232853700/d6f2c2c547e6c9a77ba22c7f9b701838.jpg]
[a-static.mlcdn.com.br/800x800/smartphone-samsung-galaxy-s23-128gb-preto-5g-8gb-ram-61-cam-tripla-selfie-12mp/magazineluiza/232853700/65a5dfaacfeafa26bc597d8324970d2f.jpg]
[a-static.mlcdn.com.br/800x800/smartphone-samsung-galaxy-s23-128gb-preto-5g-8gb-ram-61-cam-tripla-selfie-12mp/magazineluiza/232853700/72034d9846f837cf7783c2b3a9b91311.jpg]
[a-static.mlcdn.com.br/800x800/smartphone-samsung-galaxy-s23-128gb-preto-5g-8gb-ram-61-cam-tripla-selfie-12mp/magazineluiza/232853700/067963ab2a86156f119381b52dcd3919.jpg]
[a-static.mlcdn.com.br/800x800/smartphone-samsung-galaxy-s23-128gb-preto-5g-8gb-ram-61-cam-tripla-selfie-12mp/magazineluiza/232853700/b4e29234ca9aa49ddb959e303acedc75.jpg]
[a-static.mlcdn.com.br/800x800/smartphone-samsung-galaxy-s23-128gb-preto-5g-8gb-ram-61-cam-tripla-selfie-12mp/magazineluiza/232853700/2dbb7573f6ac792fc5d507550f3be2a1.jpg]
[a-static.mlcdn.com.br/800x800/smartphone-samsung-galaxy-s23-128gb-preto-5g-8gb-ram-61-cam-tripla-selfie-12mp/magazineluiza/232853700/68d0d259637ffd873ae0b438ee7b89ac.jpg]
[a-static.mlcdn.com.br/800x800/smartphone-samsung-galaxy-s23-128gb-preto-5g-8gb-ram-61-cam-tripla-selfie-12mp/magazineluiza/232853700/6840d24e2e6c0a1854caebec0dedf35c.jpg]
[a-static.mlcdn.com.br/800x800/smartphone-samsung-galaxy-s23-128gb-preto-5g-8gb-ram-61-cam-tripla-selfie-12mp/magazineluiza/232853700/21769c31ebc3ad8f6bbaf2a1d12b9c47.jpg]
[a-static.mlcdn.com.br/800x800/smartphone-samsung-galaxy-s23-128gb-preto-5g-8gb-ram-61-cam-tripla-selfie-12mp/magazineluiza/232853700/c341fe8edc71b17b1db1526899c461ee.jpg]
[a-static.mlcdn.com.br/800x800/smartphone-samsung-galaxy-s23-128gb-preto-5g-8gb-ram-61-cam-tripla-selfie-12mp/magazineluiza/232853700/7a827d595545c5811e8607c57dc002b7.jpg]
[a-static.mlcdn.com.br/800x800/smartphone-samsung-galaxy-s23-128gb-preto-5g-8gb-ram-61-cam-tripla-selfie-12mp/magazineluiza/232853700/95220bb302bb060a7461faf0eea1a396.jpg]
[a-static.mlcdn.com.br/800x800/smartphone-samsung-galaxy-s23-128gb-verde-5g-8gb-ram-61-cam-tripla-selfie-12mp/magazineluiza/232853600/af4a5222194757f1d0a5accfd2b88997.jpg]
[a-static.mlcdn.com.br/800x800/smartphone-samsung-galaxy-s23-128gb-verde-5g-8gb-ram-61-cam-tripla-selfie-12mp/magazineluiza/232853600/37fbc7690307f6e69abf7990ccce6390.jpg]
[a-static.mlcdn.com.br/800x800/smartphone-samsung-galaxy-s23-128gb-verde-5g-8gb-ram-61-cam-tripla-selfie-12mp/magazineluiza/232853600/707069ae5854997faef34cd296023290.jpg]
[a-static.mlcdn.com.br/800x800/smartphone-samsung-galaxy-s23-128gb-verde-5g-8gb-ram-61-cam-tripla-selfie-12mp/magazineluiza/232853600/6acf8a0fc34aad72a142339c5ad9df65.jpg]
[a-static.mlcdn.com.br/800x800/smartphone-samsung-galaxy-s23-128gb-verde-5g-8gb-ram-61-cam-tripla-selfie-12mp/magazineluiza/232853600/65a5dfaacfeafa26bc597d8324970d2f.jpg]
[a-static.mlcdn.com.br/800x800/smartphone-samsung-galaxy-s23-128gb-verde-5g-8gb-ram-61-cam-tripla-selfie-12mp/magazineluiza/232853600/72034d9846f837cf7783c2b3a9b91311.jpg]
[a-static.mlcdn.com.br/800x800/smartphone-samsung-galaxy-s23-128gb-verde-5g-8gb-ram-61-cam-tripla-selfie-12mp/magazineluiza/232853600/067963ab2a86156f119381b52dcd3919.jpg]
[a-static.mlcdn.com.br/800x800/smartphone-samsung-galaxy-s23-128gb-verde-5g-8gb-ram-61-cam-tripla-selfie-12mp/magazineluiza/232853600/b4e29234ca9aa49ddb959e303acedc75.jpg]
[a-static.mlcdn.com.br/800x800/smartphone-samsung-galaxy-s23-128gb-verde-5g-8gb-ram-61-cam-tripla-selfie-12mp/magazineluiza/232853600/2dbb7573f6ac792fc5d507550f3be2a1.jpg]
[a-static.mlcdn.com.br/800x800/smartphone-samsung-galaxy-s23-128gb-verde-5g-8gb-ram-61-cam-tripla-selfie-12mp/magazineluiza/232853600/68d0d259637ffd873ae0b438ee7b89ac.jpg]
[a-static.mlcdn.com.br/800x800/smartphone-samsung-galaxy-s23-128gb-verde-5g-8gb-ram-61-cam-tripla-selfie-12mp/magazineluiza/232853600/6840d24e2e6c0a1854caebec0dedf35c.jpg]
[a-static.mlcdn.com.br/800x800/smartphone-samsung-galaxy-s23-128gb-verde-5g-8gb-ram-61-cam-tripla-selfie-12mp/magazineluiza/232853600/6454c36babd10b26a1d7a72b4a7e2d01.jpg]
[a-static.mlcdn.com.br/800x800/smartphone-samsung-galaxy-s23-128gb-verde-5g-8gb-ram-61-cam-tripla-selfie-12mp/magazineluiza/232853600/5e58dea88bf1ff205a4ce06724e75e2a.jpg]
[a-static.mlcdn.com.br/800x800/smartphone-samsung-galaxy-s23-128gb-verde-5g-8gb-ram-61-cam-tripla-selfie-12mp/magazineluiza/232853600/5e09df3580392566e221dbfb5f1db954.jpg]
[a-static.mlcdn.com.br/800x800/smartphone-samsung-galaxy-s23-128gb-verde-5g-8gb-ram-61-cam-tripla-selfie-12mp/magazineluiza/232853600/2a9c9659a0f70c861a8c6c31cda32ba0.jpg]
[a-static.mlcdn.com.br/800x800/smartphone-samsung-galaxy-s23-128gb-creme-5g-8gb-ram-61-cam-tripla-selfie-12mp/magazineluiza/232853500/85ff3028b7e3113754f0d8afe593b6e9.jpg]
[a-static.mlcdn.com.br/800x800/smartphone-samsung-galaxy-s23-128gb-creme-5g-8gb-ram-61-cam-tripla-selfie-12mp/magazineluiza/232853500/5b7db2d5b46003374867e506f0af9c5e.jpg]
[a-static.mlcdn.com.br/800x800/smartphone-samsung-galaxy-s23-128gb-creme-5g-8gb-ram-61-cam-tripla-selfie-12mp/magazineluiza/232853500/707069ae5854997faef34cd296023290.jpg]
[a-static.mlcdn.com.br/800x800/smartphone-samsung-galaxy-s23-128gb-creme-5g-8gb-ram-61-cam-tripla-selfie-12mp/magazineluiza/232853500/01457e82980efb38ad607eafe59d7b0d.jpg]
[a-static.mlcdn.com.br/800x800/smartphone-samsung-galaxy-s23-128gb-creme-5g-8gb-ram-61-cam-tripla-selfie-12mp/magazineluiza/232853500/65a5dfaacfeafa26bc597d8324970d2f.jpg]
[a-static.mlcdn.com.br/800x800/smartphone-samsung-galaxy-s23-128gb-creme-5g-8gb-ram-61-cam-tripla-selfie-12mp/magazineluiza/232853500/72034d9846f837cf7783c2b3a9b91311.jpg]
[a-static.mlcdn.com.br/800x800/smartphone-samsung-galaxy-s23-128gb-creme-5g-8gb-ram-61-cam-tripla-selfie-12mp/magazineluiza/232853500/067963ab2a86156f119381b52dcd3919.jpg]
[a-static.mlcdn.com.br/800x800/smartphone-samsung-galaxy-s23-128gb-creme-5g-8gb-ram-61-cam-tripla-selfie-12mp/magazineluiza/232853500/b4e29234ca9aa49ddb959e303acedc75.jpg]
[a-static.mlcdn.com.br/800x800/smartphone-samsung-galaxy-s23-128gb-creme-5g-8gb-ram-61-cam-tripla-selfie-12mp/magazineluiza/232853500/2dbb7573f6ac792fc5d507550f3be2a1.jpg]
[a-static.mlcdn.com.br/800x800/smartphone-samsung-galaxy-s23-128gb-creme-5g-8gb-ram-61-cam-tripla-selfie-12mp/magazineluiza/232853500/68d0d259637ffd873ae0b438ee7b89ac.jpg]
[a-static.mlcdn.com.br/800x800/smartphone-samsung-galaxy-s23-128gb-creme-5g-8gb-ram-61-cam-tripla-selfie-12mp/magazineluiza/232853500/6840d24e2e6c0a1854caebec0dedf35c.jpg]
[a-static.mlcdn.com.br/800x800/smartphone-samsung-galaxy-s23-128gb-creme-5g-8gb-ram-61-cam-tripla-selfie-12mp/magazineluiza/232853500/a0b6fcaa599bce77e41f6c15ff741a59.jpg]
[a-static.mlcdn.com.br/800x800/smartphone-samsung-galaxy-s23-128gb-creme-5g-8gb-ram-61-cam-tripla-selfie-12mp/magazineluiza/232853500/fc65854a2016f036def2212607749589.jpg]
[a-static.mlcdn.com.br/800x800/smartphone-samsung-galaxy-s23-128gb-creme-5g-8gb-ram-61-cam-tripla-selfie-12mp/magazineluiza/232853500/377f74934343442c58d9bed2f520d4ee.jpg]
[a-static.mlcdn.com.br/800x800/smartphone-samsung-galaxy-s23-128gb-creme-5g-8gb-ram-61-cam-tripla-selfie-12mp/magazineluiza/232853500/63502be8494281918f27f30193895936.jpg]
[a-static.mlcdn.com.br/800x800/smartphone-samsung-galaxy-s23-256gb-creme-5g-8gb-ram-61-cam-tripla-selfie-12mp/magazineluiza/232853900/007065e862d7bd5201dae062f1e70748.jpg]
[a-static.mlcdn.com.br/800x800/smartphone-samsung-galaxy-s23-256gb-creme-5g-8gb-ram-61-cam-tripla-selfie-12mp/magazineluiza/232853900/f9db9938892149810e4f692607260d73.jpg]
[a-static.mlcdn.com.br/800x800/smartphone-samsung-galaxy-s23-256gb-creme-5g-8gb-ram-61-cam-tripla-selfie-12mp/magazineluiza/232853900/c02f4f71814963af8aa600bf4ecb674c.jpg]
[a-static.mlcdn.com.br/800x800/smartphone-samsung-galaxy-s23-256gb-creme-5g-8gb-ram-61-cam-tripla-selfie-12mp/magazineluiza/232853900/01457e82980efb38ad607eafe59d7b0d.jpg]
[a-static.mlcdn.com.br/800x800/smartphone-samsung-galaxy-s23-256gb-creme-5g-8gb-ram-61-cam-tripla-selfie-12mp/magazineluiza/232853900/65a5dfaacfeafa26bc597d8324970d2f.jpg]
[a-static.mlcdn.com.br/800x800/smartphone-samsung-galaxy-s23-256gb-creme-5g-8gb-ram-61-cam-tripla-selfie-12mp/magazineluiza/232853900/72034d9846f837cf7783c2b3a9b91311.jpg]
[a-static.mlcdn.com.br/800x800/smartphone-samsung-galaxy-s23-256gb-creme-5g-8gb-ram-61-cam-tripla-selfie-12mp/magazineluiza/232853900/067963ab2a86156f119381b52dcd3919.jpg]
[a-static.mlcdn.com.br/800x800/smartphone-samsung-galaxy-s23-256gb-creme-5g-8gb-ram-61-cam-tripla-selfie-12mp/magazineluiza/232853900/b4e29234ca9aa49ddb959e303acedc75.jpg]
[a-static.mlcdn.com.br/800x800/smartphone-samsung-galaxy-s23-256gb-creme-5g-8gb-ram-61-cam-tripla-selfie-12mp/magazineluiza/232853900/2dbb7573f6ac792fc5d507550f3be2a1.jpg]
[a-static.mlcdn.com.br/800x800/smartphone-samsung-galaxy-s23-256gb-creme-5g-8gb-ram-61-cam-tripla-selfie-12mp/magazineluiza/232853900/68d0d259637ffd873ae0b438ee7b89ac.jpg]
[a-static.mlcdn.com.br/800x800/smartphone-samsung-galaxy-s23-256gb-creme-5g-8gb-ram-61-cam-tripla-selfie-12mp/magazineluiza/232853900/6840d24e2e6c0a1854caebec0dedf35c.jpg]
[a-static.mlcdn.com.br/800x800/smartphone-samsung-galaxy-s23-256gb-creme-5g-8gb-ram-61-cam-tripla-selfie-12mp/magazineluiza/232853900/835ae23682ec70c7c4be1d7f673321d0.jpg]
[a-static.mlcdn.com.br/800x800/smartphone-samsung-galaxy-s23-256gb-creme-5g-8gb-ram-61-cam-tripla-selfie-12mp/magazineluiza/232853900/777fb3a5d061cae6dcd7d6c5ddf1fca8.jpg]
[a-static.mlcdn.com.br/800x800/smartphone-samsung-galaxy-s23-256gb-creme-5g-8gb-ram-61-cam-tripla-selfie-12mp/magazineluiza/232853900/500752c10df7611cff4a9225ff5b1b5d.jpg]
[a-static.mlcdn.com.br/800x800/smartphone-samsung-galaxy-s23-256gb-creme-5g-8gb-ram-61-cam-tripla-selfie-12mp/magazineluiza/232853900/8c4ed10f6f69be15542394b8962bf08a.jpg]
[a-static.mlcdn.com.br/800x800/smartphone-samsung-galaxy-s23-256gb-violeta-5g-8gb-ram-61-cam-tripla-selfie-12mp/magazineluiza/232853800/1e810fd87ef766d1870d268981b59c53.jpg]
[a-static.mlcdn.com.br/800x800/smartphone-samsung-galaxy-s23-256gb-violeta-5g-8gb-ram-61-cam-tripla-selfie-12mp/magazineluiza/232853800/b48384958413da5025b45d339a044a5b.jpg]
[a-static.mlcdn.com.br/800x800/smartphone-samsung-galaxy-s23-256gb-violeta-5g-8gb-ram-61-cam-tripla-selfie-12mp/magazineluiza/232853800/c02f4f71814963af8aa600bf4ecb674c.jpg]
[a-static.mlcdn.com.br/800x800/smartphone-samsung-galaxy-s23-256gb-violeta-5g-8gb-ram-61-cam-tripla-selfie-12mp/magazineluiza/232853800/e41432e801d1fe23761edd9ffb87c867.jpg]
[a-static.mlcdn.com.br/800x800/smartphone-samsung-galaxy-s23-256gb-violeta-5g-8gb-ram-61-cam-tripla-selfie-12mp/magazineluiza/232853800/65a5dfaacfeafa26bc597d8324970d2f.jpg]
[a-static.mlcdn.com.br/800x800/smartphone-samsung-galaxy-s23-256gb-violeta-5g-8gb-ram-61-cam-tripla-selfie-12mp/magazineluiza/232853800/72034d9846f837cf7783c2b3a9b91311.jpg]
[a-static.mlcdn.com.br/800x800/smartphone-samsung-galaxy-s23-256gb-violeta-5g-8gb-ram-61-cam-tripla-selfie-12mp/magazineluiza/232853800/067963ab2a86156f119381b52dcd3919.jpg]
[a-static.mlcdn.com.br/800x800/smartphone-samsung-galaxy-s23-256gb-violeta-5g-8gb-ram-61-cam-tripla-selfie-12mp/magazineluiza/232853800/b4e29234ca9aa49ddb959e303acedc75.jpg]
[a-static.mlcdn.com.br/800x800/smartphone-samsung-galaxy-s23-256gb-violeta-5g-8gb-ram-61-cam-tripla-selfie-12mp/magazineluiza/232853800/2dbb7573f6ac792fc5d507550f3be2a1.jpg]
[a-static.mlcdn.com.br/800x800/smartphone-samsung-galaxy-s23-256gb-violeta-5g-8gb-ram-61-cam-tripla-selfie-12mp/magazineluiza/232853800/68d0d259637ffd873ae0b438ee7b89ac.jpg]
[a-static.mlcdn.com.br/800x800/smartphone-samsung-galaxy-s23-256gb-violeta-5g-8gb-ram-61-cam-tripla-selfie-12mp/magazineluiza/232853800/6840d24e2e6c0a1854caebec0dedf35c.jpg]
[a-static.mlcdn.com.br/800x800/smartphone-samsung-galaxy-s23-256gb-violeta-5g-8gb-ram-61-cam-tripla-selfie-12mp/magazineluiza/232853800/41d247dc3e2a948a26e5efe921304597.jpg]
[a-static.mlcdn.com.br/800x800/smartphone-samsung-galaxy-s23-256gb-violeta-5g-8gb-ram-61-cam-tripla-selfie-12mp/magazineluiza/232853800/30caed198952a09bb1e0313d11b0becb.jpg]
[a-static.mlcdn.com.br/800x800/smartphone-samsung-galaxy-s23-256gb-violeta-5g-8gb-ram-61-cam-tripla-selfie-12mp/magazineluiza/232853800/b66217a47f2fa3956a33c004f752af10.jpg]
[a-static.mlcdn.com.br/800x800/smartphone-samsung-galaxy-s23-256gb-violeta-5g-8gb-ram-61-cam-tripla-selfie-12mp/magazineluiza/232853800/1e224a94c3bd61b6b33049b896814c52.jpg]
[a-static.mlcdn.com.br/800x800/smartphone-samsung-galaxy-s23-256gb-verde-5g-8gb-ram-61-cam-tripla-selfie-12mp/magazineluiza/232854000/d18fd981dd36cc48010241b576489988.jpg]
[a-static.mlcdn.com.br/800x800/smartphone-samsung-galaxy-s23-256gb-verde-5g-8gb-ram-61-cam-tripla-selfie-12mp/magazineluiza/232854000/6c66fdeb41286818e16c24245210ab30.jpg]
[a-static.mlcdn.com.br/800x800/smartphone-samsung-galaxy-s23-256gb-verde-5g-8gb-ram-61-cam-tripla-selfie-12mp/magazineluiza/232854000/c02f4f71814963af8aa600bf4ecb674c.jpg]
[a-static.mlcdn.com.br/800x800/smartphone-samsung-galaxy-s23-256gb-verde-5g-8gb-ram-61-cam-tripla-selfie-12mp/magazineluiza/232854000/6acf8a0fc34aad72a142339c5ad9df65.jpg]
[a-static.mlcdn.com.br/800x800/smartphone-samsung-galaxy-s23-256gb-verde-5g-8gb-ram-61-cam-tripla-selfie-12mp/magazineluiza/232854000/65a5dfaacfeafa26bc597d8324970d2f.jpg]
[a-static.mlcdn.com.br/800x800/smartphone-samsung-galaxy-s23-256gb-verde-5g-8gb-ram-61-cam-tripla-selfie-12mp/magazineluiza/232854000/72034d9846f837cf7783c2b3a9b91311.jpg]
[a-static.mlcdn.com.br/800x800/smartphone-samsung-galaxy-s23-256gb-verde-5g-8gb-ram-61-cam-tripla-selfie-12mp/magazineluiza/232854000/067963ab2a86156f119381b52dcd3919.jpg]
[a-static.mlcdn.com.br/800x800/smartphone-samsung-galaxy-s23-256gb-verde-5g-8gb-ram-61-cam-tripla-selfie-12mp/magazineluiza/232854000/b4e29234ca9aa49ddb959e303acedc75.jpg]
[a-static.mlcdn.com.br/800x800/smartphone-samsung-galaxy-s23-256gb-verde-5g-8gb-ram-61-cam-tripla-selfie-12mp/magazineluiza/232854000/2dbb7573f6ac792fc5d507550f3be2a1.jpg]
[a-static.mlcdn.com.br/800x800/smartphone-samsung-galaxy-s23-256gb-verde-5g-8gb-ram-61-cam-tripla-selfie-12mp/magazineluiza/232854000/68d0d259637ffd873ae0b438ee7b89ac.jpg]
[a-static.mlcdn.com.br/800x800/smartphone-samsung-galaxy-s23-256gb-verde-5g-8gb-ram-61-cam-tripla-selfie-12mp/magazineluiza/232854000/6840d24e2e6c0a1854caebec0dedf35c.jpg]
[a-static.mlcdn.com.br/800x800/smartphone-samsung-galaxy-s23-256gb-verde-5g-8gb-ram-61-cam-tripla-selfie-12mp/magazineluiza/232854000/20b78cd171063c3aa36300e424327954.jpg]
[a-static.mlcdn.com.br/800x800/smartphone-samsung-galaxy-s23-256gb-verde-5g-8gb-ram-61-cam-tripla-selfie-12mp/magazineluiza/232854000/b091a13b986411e1333d04c0e2c74182.jpg]
[a-static.mlcdn.com.br/800x800/smartphone-samsung-galaxy-s23-256gb-verde-5g-8gb-ram-61-cam-tripla-selfie-12mp/magazineluiza/232854000/9b8cf9d26417918858552b1d5bb3d065.jpg]
[a-static.mlcdn.com.br/800x800/smartphone-samsung-galaxy-s23-256gb-verde-5g-8gb-ram-61-cam-tripla-selfie-12mp/magazineluiza/232854000/52ca3e4afcac1ba2c9c562165e31e7b4.jpg]
[file/C_/Users/dell/Desktop/magaluatualizadovalor.html]
[wx.mlcdn.com.br/site/shared/favicon/favicon-16x16.html]
[wx.mlcdn.com.br/site/shared/favicon/favicon-96x96.html]
[wx.mlcdn.com.br/site/shared/favicon/favicon-72x72.html]
[wx.mlcdn.com.br/site/shared/favicon/favicon-57x57.html]
[www.googletagmanager.com/gtm5445.html]
[wx.mlcdn.com.br/site/shared/stewie/stewie-3.1.0.min.html]
[static-magalu-ads.magazineluiza.com.br/sponsored-products-sdk/2.16.1/magalu-ads-events.html]
[wx.mlcdn.com.br/site/desk/header/logo-lu-magalu-novo-cropped.html]
[wx.mlcdn.com.br/site/shared/lu-content/lu-explains-new.html]
[wx.mlcdn.com.br/site/shared/lu-content/lu-explain.html]
[wx.mlcdn.com.br/ponzi/production/uploads/getty_images_1185615514_aadff0e67b82c7.html]
[wx.mlcdn.com.br/ponzi/production/uploads/getty_images_1462659190_0197fc070a82c7.html]
[wx.mlcdn.com.br/ponzi/production/uploads/1_a18acafbfa82c7.html]
[wx.mlcdn.com.br/ponzi/production/uploads/1_61dafd0d8f82c7.html]
[wx.mlcdn.com.br/ponzi/production/uploads/getty_images_1589335836_572d6c38aa82c7.html]
[wx.mlcdn.com.br/ponzi/production/portaldalu/5144082c7.html]
[wx.mlcdn.com.br/ponzi/production/portaldalu/290282c7.html]
[wx.mlcdn.com.br/site/shared/sellers/third-party.html]
[wx.mlcdn.com.br/site/desk/footer/consumidor-gov-reduzido.html]
[file/mixer/_next/static/chunks/polyfills-c67a75d1b6f99dc8.js]
[file/mixer/_next/static/chunks/webpack-fbd5dbe4da200ad2.js]
[file/mixer/_next/static/chunks/framework-a78051e383c5165f.js]
[file/mixer/_next/static/chunks/main-babd0d31cb19eb15.js]
[file/mixer/_next/static/chunks/pages/_app-0cebe93a520885de.js]
[file/mixer/_next/static/chunks/2edb282b-5e499321bfa6e8ba.js]
[file/mixer/_next/static/chunks/e893f787-2ae0bfd75891c79c.js]
[file/mixer/_next/static/chunks/a29ae703-9a08e63f5716e71a.js]
[file/mixer/_next/static/chunks/651-ea9638c83be249fa.js]
[file/mixer/_next/static/chunks/5040-9075bc2ed8460701.js]
[file/mixer/_next/static/chunks/3789-a551db0fc17e8054.js]
[file/mixer/_next/static/chunks/8035-498e03d8d2b90a2d.js]
[file/mixer/_next/static/chunks/6473-2af91431c8c028b0.js]
[file/mixer/_next/static/chunks/9615-71e68b3a26574f5b.js]
[file/mixer/_next/static/chunks/7126-35ec6b119deab79f.js]
[file/mixer/_next/static/chunks/2071-c5b6713c5f832454.js]
[file/mixer/_next/static/chunks/1782-48647af971e4d51a.js]
[file/mixer/_next/static/chunks/4490-044b948648e9d853.js]
[file/mixer/_next/static/chunks/5449-89cd956d52e663c1.js]
[file/mixer/_next/static/chunks/7833-5822ee6108c5ff44.js]
[file/mixer/_next/static/chunks/8621-29f302befe95ec32.js]
[file/mixer/_next/static/chunks/9375-4f78d939d464d334.js]
[file/mixer/_next/static/chunks/6515-040d991a687fa327.js]
[file/mixer/_next/static/chunks/341-bc817033dfcb336c.js]
[file/mixer/_next/static/chunks/2553-48e0398b9d2abcff.js]
[file/mixer/_next/static/chunks/3531-df5a8d0f4143b1a7.js]
[file/mixer/_next/static/chunks/9344-9217800d62670f4b.js]
[file/mixer/_next/static/chunks/4041-8b2964428174d739.js]
[file/mixer/_next/static/chunks/6351-98d82652a54f43fd.js]
[file/mixer/_next/static/chunks/1049-6c010aeb28fb0c89.js]
[file/mixer/_next/static/chunks/5328-b3473d47ce95863a.js]
[file/mixer/_next/static/chunks/2898-95d4648fd2369ff1.js]
[file/mixer/_next/static/chunks/4449-82dbd5ca770104de.js]
[file/mixer/_next/static/chunks/7322-69ed0555e0eb3286.js]
[file/mixer/_next/static/chunks/3341-a39506524732bf04.js]
[file/mixer/_next/static/chunks/4779-1187ab96cbd2c096.js]
[file/mixer/_next/static/chunks/434-c8c4be548d4491d9.js]
[file/mixer/_next/static/chunks/6908-ebca17216a22b837.js]
[file/mixer/_next/static/chunks/9362-7b3b8d77e43645a5.js]
[file/mixer/_next/static/chunks/2061-b64ea972eb45ff06.js]
[file/mixer/_next/static/chunks/2430-a1d0ce104156d899.js]
[file/mixer/_next/static/chunks/9125-ee55066c9d80fb40.js]
[file/mixer/_next/static/chunks/98-4cbd34510e2b99dd.js]
[file/mixer/_next/static/chunks/5692-e53b3e4143e3113d.js]
[file/mixer/_next/static/chunks/9091-8d605624d30b5c77.js]
[file/mixer/_next/static/chunks/2911-9f63d3d8125b8c0e.js]
[file/mixer/_next/static/chunks/598-3950278b7e1d8885.js]
[file/mixer/_next/static/chunks/4219-93eacc66d32087f4.js]
[file/mixer/_next/static/chunks/9592-8f05e84389e93759.js]
[file/mixer/_next/static/chunks/365-44907679a5189c13.js]
[file/mixer/_next/static/chunks/2760-c9b16e1449869776.js]
[file/mixer/_next/static/chunks/97-58b492a3c890115b.js]
[file/mixer/_next/static/chunks/9616-e87939e768430874.js]
[file/mixer/_next/static/chunks/4379-d805b1c4d23d68d8.js]
[file/mixer/_next/static/chunks/1591-97e8857415d5ebf8.js]
[file/mixer/_next/static/chunks/4292-940b9e510f38be16.js]
[file/mixer/_next/static/chunks/8354-52b08fa33d8f94db.js]
[file/mixer/_next/static/chunks/1765-61156ab74c3cf501.js]
[file/mixer/_next/static/chunks/pages/[path0]/p/[path2]/[path3]/[path4]-157f8a33bdb53f9e.js]
[file/mixer/_next/static/Q9wnJUFZ_hBYpBaeWSNKP/_buildManifest.js]
[file/mixer/_next/static/Q9wnJUFZ_hBYpBaeWSNKP/_ssgManifest.js]
